******************************************************************************
                  TI ARM Linker PC v15.12.3                    
******************************************************************************
>> Linked Wed Jul 17 17:00:53 2019

OUTPUT FILE NAME:   <Runtime_M4.out>
ENTRY POINT SYMBOL: "_c_int00"  address: 00025cc5


MEMORY CONFIGURATION

         name            origin    length      used     unused   attr    fill
----------------------  --------  ---------  --------  --------  ----  --------
  FLASH                 00000000   00080000  00029284  00056d7c  R  X
  SRAM                  20000000   00040000  0003a183  00005e7d  RW X


SEGMENT ALLOCATION MAP

run origin  load origin   length   init length attrs members
----------  ----------- ---------- ----------- ----- -------
00000000    00000000    00029288   00029288    r-x
  00000000    00000000    00000208   00000208    r-- .intvecs
  00000208    00000208    00027e5c   00027e5c    r-x .text
  00028064    00028064    00000e48   00000e48    r-- .const
  00028eb0    00028eb0    000003d8   000003d8    r-- .cinit
20000000    20000000    0003a188   00000000    rw-
  20000000    20000000    000297cb   00000000    rw- .bss
  200297cc    200297cc    00007530   00000000    rw- .stack
  20030d00    20030d00    00007530   00000000    rw- .sysmem
  20038230    20038230    00001f58   00000000    rw- .data


SECTION ALLOCATION MAP

 output                                  attributes/
section   page    origin      length       input sections
--------  ----  ----------  ----------   ----------------
.intvecs   0    00000000    00000208     
                  00000000    00000208     tm4c1294kcpdt_startup_ccs.obj (.intvecs)

.text      0    00000208    00027e5c     
                  00000208    000093e4     lwiplib_1.4.1.obj (.text)
                  000095ec    00004fcc     studioprotocol.obj (.text)
                  0000e5b8    00001fe0     taskrs485.obj (.text)
                  00010598    00001ef0     taskiNet.obj (.text)
                  00012488    000014f0     CanFunctionBlock.obj (.text)
                  00013978    000012f0     taskmodbustcp.obj (.text)
                  00014c68    00001110     rtsv7M4_T_le_v4SPD16_eabi.lib : _printfi.obj (.text)
                  00015d78    00000e14     taskcanopenmaster.obj (.text)
                  00016b8c    0000096c     Function_Timer.obj (.text)
                  000174f8    0000074c     Function_Counter.obj (.text)
                  00017c44    0000070c     canopen_sdo.obj (.text)
                  00018350    000006fa     Function_LogicFormula.obj (.text)
                  00018a4a    00000002     usblib.lib : usbdma.obj (.text:iDMAUSBArbSizeSet)
                  00018a4c    000006ec     taskcanopenslave.obj (.text)
                  00019138    000006d0     task_Runtime.obj (.text)
                  00019808    00000628     Function_Modbus.obj (.text)
                  00019e30    00000620     Function_Analog.obj (.text)
                  0001a450    000005e4     _timer.obj (.text)
                  0001aa34    000005a8     _rs485.obj (.text)
                  0001afdc    00000588     Function_ModbusTCP.obj (.text)
                  0001b564    00000578     taskusb.obj (.text)
                  0001badc    00000576     canopen.obj (.text)
                  0001c052    00000002     usblib.lib : usbdma.obj (.text:iDMAUSBUnitSizeSet)
                  0001c054    0000056e     canopen_pdo.obj (.text)
                  0001c5c2    00000002     rtsv7M4_T_le_v4SPD16_eabi.lib : mpu_init.obj (.text)
                  0001c5c4    0000049c     _ecan0.obj (.text)
                  0001ca60    00000460     _ecan1.obj (.text)
                  0001cec0    000003f4     usblib.lib : usbhostenum.obj (.text:USBHostIntHandlerInternal)
                  0001d2b4    000003dc     rtsv7M4_T_le_v4SPD16_eabi.lib : memory.obj (.text)
                  0001d690    000003ac     Function_Miscellaneous.obj (.text)
                  0001da3c    00000398     Function_iNet.obj (.text)
                  0001ddd4    00000368     tasklwiptcp.obj (.text)
                  0001e13c    00000324     rtsv7M4_T_le_v4SPD16_eabi.lib : trgdrv.obj (.text)
                  0001e460    00000310     task.obj (.text)
                  0001e770    0000030c     rtsv7M4_T_le_v4SPD16_eabi.lib : lowlev.obj (.text)
                  0001ea7c    000002e4     canopen_lifegrd.obj (.text)
                  0001ed60    000002c0     canopen_timer.obj (.text)
                  0001f020    00000288     canopen_od.obj (.text)
                  0001f2a8    00000270     _flash.obj (.text)
                  0001f518    00000270     device.obj (.text)
                  0001f788    0000021c     Function_General.obj (.text)
                  0001f9a4    00000204     driverlib.lib : sysctl.obj (.text:SysCtlClockFreqSet)
                  0001fba8    000001f4     rtsv7M4_T_le_v4SPD16_eabi.lib : ull_div_t2.obj (.text)
                  0001fd9c    000001e4     app.obj (.text)
                  0001ff80    000001e4     comlib.obj (.text)
                  00020164    000001e2     canopen_nmt.obj (.text)
                  00020346    00000002     rtsv7M4_T_le_v4SPD16_eabi.lib : startup.obj (.text)
                  00020348    000001d8     Calculations.obj (.text)
                  00020520    000001d8     tasklwipudp.obj (.text)
                  000206f8    000001c8     uart_dev.obj (.text)
                  000208c0    000001c4     rtsv7M4_T_le_v4SPD16_eabi.lib : fopen.obj (.text)
                  00020a84    000001b8     _input.obj (.text)
                  00020c3c    000001b6     rtsv7M4_T_le_v4SPD16_eabi.lib : fd_add_t2.obj (.text)
                  00020df2    00000002     usblib.lib : usbdma.obj (.text:uDMAUSBChannelIntDisable)
                  00020df4    0000019c                : usbhostenum.obj (.text:USBHCDPipeAllocSize)
                  00020f90    00000190                : usbhostenum.obj (.text:ProcessUSBDeviceStateMachine)
                  00021120    00000178                : usbhhub.obj (.text:USBHHubMain)
                  00021298    00000170                : usbdma.obj (.text:USBLibDMAInit)
                  00021408    0000016c                : usbhostenum.obj (.text:USBHCDInitInternal)
                  00021574    00000164     canopen_state.obj (.text)
                  000216d8    00000154     database.obj (.text)
                  0002182c    00000150     usblib.lib : usbdenum.obj (.text:USBDEP0StateTxConfig)
                  0002197c    00000150                : usbdenum.obj (.text:USBDeviceIntHandlerInternal)
                  00021acc    00000150                : usbhostenum.obj (.text:USBHCDPipeRead)
                  00021c1c    00000148                : usbdenum.obj (.text:USBDCDInit)
                  00021d64    00000140     driverlib.lib : can.obj (.text:CANMessageSet)
                  00021ea4    00000140     usblib.lib : usbdconfig.obj (.text:USBDeviceConfig)
                  00021fe4    00000138     canopen_dev.obj (.text)
                  0002211c    00000136     rtsv7M4_T_le_v4SPD16_eabi.lib : fd_div_t2.obj (.text)
                  00022252    00000002     usblib.lib : usbdma.obj (.text:uDMAUSBChannelIntEnable)
                  00022254    00000134     _led.obj (.text)
                  00022388    00000134     rtsv7M4_T_le_v4SPD16_eabi.lib : fputs.obj (.text)
                  000224bc    00000130     driverlib.lib : gpio.obj (.text:GPIOPadConfigSet)
                  000225ec    00000128     usblib.lib : usbhostenum.obj (.text:USBHCDPipeWrite)
                  00022714    0000011c     task_IO_Acquisition.obj (.text)
                  00022830    0000010e     driverlib.lib : can.obj (.text:CANMessageGet)
                  0002293e    00000002     --HOLE-- [fill = 0]
                  00022940    00000100     usblib.lib : usbhostenum.obj (.text:USBHCDEnumHandler)
                  00022a40    000000fc                : usbhmsc.obj (.text:USBHMSCDriveReady)
                  00022b3c    000000fc     rtsv7M4_T_le_v4SPD16_eabi.lib : fd_mul_t2.obj (.text)
                  00022c38    000000fc                                   : s_scalbn.obj (.text)
                  00022d34    000000f4     usblib.lib : usbhostenum.obj (.text:USBHCDInit)
                  00022e28    000000f0                : usbhostenum.obj (.text:USBHCDControlTransfer)
                  00022f18    000000f0                : usbhostenum.obj (.text:USBHCDPipeFree)
                  00023008    000000ea                : usbdma.obj (.text:iDMAUSBTransfer)
                  000230f2    00000002     --HOLE-- [fill = 0]
                  000230f4    000000e4                : usbdenum.obj (.text:USBDGetDescriptor)
                  000231d8    000000e0                : usbhostenum.obj (.text:USBHCDMain)
                  000232b8    000000dc     rtsv7M4_T_le_v4SPD16_eabi.lib : setvbuf.obj (.text)
                  00023394    000000d8     usblib.lib : usbdenum.obj (.text:USBDeviceEnumHandler)
                  0002346c    000000d8                : usbhostenum.obj (.text:USBHCDPipeConfig)
                  00023544    000000d8     _output.obj (.text)
                  0002361c    000000d4     usblib.lib : usbdcdc.obj (.text:HandleRequests)
                  000236f0    000000c8     rtsv7M4_T_le_v4SPD16_eabi.lib : fflush.obj (.text)
                  000237b8    000000c4     driverlib.lib : eeprom.obj (.text:EEPROMProgram)
                  0002387c    000000c2                   : usb.obj (.text:USBHostEndpointConfig)
                  0002393e    00000002     --HOLE-- [fill = 0]
                  00023940    000000c0     usblib.lib : usbdma.obj (.text:uDMAUSBChannelAllocate)
                  00023a00    000000bc                : usbbuffer.obj (.text:HandleRxAvailable)
                  00023abc    000000bc                : usbmode.obj (.text:USB0OTGModeIntHandler)
                  00023b78    000000ba                : usbdma.obj (.text:uDMAUSBTransfer)
                  00023c32    00000002     --HOLE-- [fill = 0]
                  00023c34    000000b4                : usbmode.obj (.text:USBOTGModeInit)
                  00023ce8    000000ac     rtsv7M4_T_le_v4SPD16_eabi.lib : _io_perm.obj (.text)
                  00023d94    000000a8     usblib.lib : usbdcdc.obj (.text:HandleDevice)
                  00023e3c    000000a4                : usbhmsc.obj (.text:USBHMSCOpen)
                  00023ee0    000000a0     InitDevice.obj (.text)
                  00023f80    000000a0     usblib.lib : usbdcdc.obj (.text:USBDCDCCompositeInit)
                  00024020    000000a0     _eeprom.obj (.text)
                  000240c0    0000009c     usblib.lib : usbhostenum.obj (.text:USBHCDDeviceDisconnected)
                  0002415c    0000009c                : usbhostenum.obj (.text:USBHCDFeatureSet)
                  000241f8    0000009c     rtsv7M4_T_le_v4SPD16_eabi.lib : memcpy_t2.obj (.text)
                  00024294    00000098     usblib.lib : usbdenum.obj (.text:USBDSetInterface)
                  0002432c    00000098     rtsv7M4_T_le_v4SPD16_eabi.lib : fclose.obj (.text)
                  000243c4    00000098                                   : fputc.obj (.text)
                  0002445c    00000096     usblib.lib : usbdcdc.obj (.text:CDCTickHandler)
                  000244f2    00000094                : usbbuffer.obj (.text:ScheduleNextTransmission)
                  00024586    00000002     --HOLE-- [fill = 0]
                  00024588    00000094                : usbhostenum.obj (.text:USBHCDOpenDriver)
                  0002461c    00000092                : usbdcdc.obj (.text:SendSerialState)
                  000246ae    00000002     --HOLE-- [fill = 0]
                  000246b0    00000090                : usbhostenum.obj (.text:FIFOAlloc)
                  00024740    00000090                : usbdcdc.obj (.text:USBDCDCPacketRead)
                  000247d0    0000008c                : usbdenum.obj (.text:USBDCDFeatureSet)
                  0002485c    0000008c                : usbdenum.obj (.text:USBDSetConfiguration)
                  000248e8    0000008c                : usbdconfig.obj (.text:USBDeviceConfigAlternate)
                  00024974    0000008c                : usbhostenum.obj (.text:USBHCDClearFeature)
                  00024a00    00000088                : usbhscsi.obj (.text:USBHSCSISendCommand)
                  00024a88    00000086     rtsv7M4_T_le_v4SPD16_eabi.lib : fd_cmp_t2.obj (.text:__aeabi_cdcmple)
                  00024b0e    00000086                                   : fd_cmp_t2.obj (.text:__aeabi_cdrcmple)
                  00024b94    00000084     usblib.lib : usbdma.obj (.text:iDMAUSBChannelAllocate)
                  00024c18    00000084     driverlib.lib : udma.obj (.text:uDMAChannelTransferSet)
                  00024c9c    00000080     usblib.lib : usbmode.obj (.text:USBOTGMain)
                  00024d1c    0000007c                : usbdenum.obj (.text:USBDClearFeature)
                  00024d98    0000007a     driverlib.lib : usb.obj (.text:USBDevEndpointConfigSet)
                  00024e12    0000007a     rtsv7M4_T_le_v4SPD16_eabi.lib : memset_t2.obj (.text)
                  00024e8c    00000078     driverlib.lib : emac.obj (.text:EMACInit)
                  00024f04    00000074     usblib.lib : usbdenum.obj (.text:USBDGetStatus)
                  00024f78    00000074                : usbhostenum.obj (.text:USBHCDGetConfigDescriptor)
                  00024fec    00000072                : usbdcdc.obj (.text:ProcessDataFromHost)
                  0002505e    00000072                : usbdma.obj (.text:uDMAUSBArbSizeSet)
                  000250d0    00000070                : usbdenum.obj (.text:USBDEP0StateTx)
                  00025140    00000070     rtsv7M4_T_le_v4SPD16_eabi.lib : autoinit.obj (.text)
                  000251b0    00000070                                   : printf.obj (.text)
                  00025220    00000070     usblib.lib : usbdma.obj (.text:uDMAUSBUnitSizeSet)
                  00025290    0000006c     driverlib.lib : can.obj (.text:CANBitRateSet)
                  000252fc    0000006c     usblib.lib : usbmode.obj (.text:USBOTGSetMode)
                  00025368    0000006a     rtsv7M4_T_le_v4SPD16_eabi.lib : copy_decompress_rle.obj (.text)
                  000253d2    00000002     --HOLE-- [fill = 0]
                  000253d4    00000068     driverlib.lib : interrupt.obj (.text:IntDisable)
                  0002543c    00000068                   : interrupt.obj (.text:IntEnable)
                  000254a4    00000068     usblib.lib : usbdenum.obj (.text:USBDSetFeature)
                  0002550c    00000068     rtsv7M4_T_le_v4SPD16_eabi.lib : trgmsg.obj (.text)
                  00025574    00000064     driverlib.lib : flash.obj (.text:FlashProgram)
                  000255d8    00000064                   : interrupt.obj (.text:IntIsEnabled)
                  0002563c    00000064     rtsv7M4_T_le_v4SPD16_eabi.lib : fseek.obj (.text)
                  000256a0    00000064                                   : s_frexp.obj (.text)
                  00025704    00000064     usblib.lib : usbdma.obj (.text:uDMAUSBChannelEnable)
                  00025768    00000060                : usbbuffer.obj (.text:USBBufferEventCallback)
                  000257c8    00000060                : usbdenum.obj (.text:USBDReadAndDispatchRequest)
                  00025828    00000060                : usbhostenum.obj (.text:USBHostCheckPipes)
                  00025888    00000060     main.obj (.text)
                  000258e8    0000005e     usblib.lib : usbdcdc.obj (.text:ProcessDataToHost)
                  00025946    0000005e     driverlib.lib : usb.obj (.text:USBDevEndpointStatusClear)
                  000259a4    0000005c     usblib.lib : usbhostenum.obj (.text:ConfigDescAlloc)
                  00025a00    0000005c                : usbdcdc.obj (.text:USBDCDCInit)
                  00025a5c    0000005c                : usbhostenum.obj (.text:USBHCDGetDeviceDescriptor)
                  00025ab8    00000058     driverlib.lib : emac.obj (.text:EMACPHYConfigSet)
                  00025b10    00000058     usblib.lib : usbdcdc.obj (.text:USBDCDCPacketWrite)
                  00025b68    00000058                : usbhostenum.obj (.text:USBHCDEP0StateTx)
                  00025bc0    00000058                : usbhostenum.obj (.text:USBHCDHubDeviceConnected)
                  00025c18    00000056     rtsv7M4_T_le_v4SPD16_eabi.lib : ltoa.obj (.text)
                  00025c6e    00000056     usblib.lib : usbdma.obj (.text:uDMAUSBChannelRelease)
                  00025cc4    00000054     rtsv7M4_T_le_v4SPD16_eabi.lib : boot.obj (.text)
                  00025d18    00000054                                   : exit.obj (.text)
                  00025d6c    00000052     usblib.lib : usbulpi.obj (.text:ULPIConfigSet)
                  00025dbe    00000002     --HOLE-- [fill = 0]
                  00025dc0    00000050     driverlib.lib : sysctl.obj (.text:SysCtlPeripheralReset)
                  00025e10    00000050     usblib.lib : usbdcdesc.obj (.text:USBDCDConfigDescGet)
                  00025e60    00000050                : usbdenum.obj (.text:USBDeviceResumeTickHandler)
                  00025eb0    0000004e                : usbhhub.obj (.text:HubGetPortStatus)
                  00025efe    0000004e     driverlib.lib : usb.obj (.text:USBDevEndpointStallClear)
                  00025f4c    0000004c     usblib.lib : usbdcdesc.obj (.text:ConfigAlternateInterfaceGet)
                  00025f98    0000004c                : usbdconfig.obj (.text:GetEPDescriptorType)
                  00025fe4    0000004c                : usbdcdc.obj (.text:HandleEndpoints)
                  00026030    0000004c                : usbhhub.obj (.text:HubDriverDeviceDisconnect)
                  0002607c    0000004c     driverlib.lib : usb.obj (.text:USBEndpointDMAConfigSet)
                  000260c8    0000004c     usblib.lib : usbhostenum.obj (.text:USBHCDPowerConfigSet)
                  00026114    0000004c                : usbhostenum.obj (.text:USBHCDSetAddress)
                  00026160    0000004c     rtsv7M4_T_le_v4SPD16_eabi.lib : atoi.obj (.text)
                  000261ac    0000004c                                   : cpy_tbl.obj (.text)
                  000261f8    0000004c                                   : rand.obj (.text)
                  00026244    0000004a     usblib.lib : usbdma.obj (.text:iDMAUSBChannelEnable)
                  0002628e    0000004a                : usbdma.obj (.text:uDMAUSBChannelDisable)
                  000262d8    00000048     driverlib.lib : gpio.obj (.text:GPIOPinConfigure)
                  00026320    00000048     usblib.lib : usbdcdc.obj (.text:HandleEP0Data)
                  00026368    00000048                : usbdenum.obj (.text:USBDStringIndexFromRequest)
                  000263b0    00000048                : usbdenum.obj (.text:USBDeviceEnumResetHandler)
                  000263f8    00000048     driverlib.lib : usb.obj (.text:USBFIFOFlush)
                  00026440    00000048     usblib.lib : usbhhub.obj (.text:USBHHubInit)
                  00026488    00000048     driverlib.lib : sysctl.obj (.text:_SysCtlFrequencyGet)
                  000264d0    00000048     rtsv7M4_T_le_v4SPD16_eabi.lib : fd_toi_t2.obj (.text)
                  00026518    00000048     driverlib.lib : udma.obj (.text:uDMAChannelAttributeDisable)
                  00026560    00000044     usblib.lib : usbdenum.obj (.text:USBDCDDeviceInfoInit)
                  000265a4    00000044                : usbdenum.obj (.text:USBDGetInterface)
                  000265e8    00000044     driverlib.lib : usb.obj (.text:USBEndpointDataGet)
                  0002662c    00000042                   : uart.obj (.text:UARTConfigSetExpClk)
                  0002666e    00000040                   : can.obj (.text:CANStatusGet)
                  000266ae    00000002     --HOLE-- [fill = 0]
                  000266b0    00000040                   : eeprom.obj (.text:EEPROMInit)
                  000266f0    00000040     usblib.lib : usbhmsc.obj (.text:USBHMSCGetMaxLUN)
                  00026730    0000003e                : usbhscsi.obj (.text:USBHSCSIInquiry)
                  0002676e    0000003e                : usbhscsi.obj (.text:USBHSCSIReadCapacity)
                  000267ac    0000003c                : usbhhub.obj (.text:HubDriverReset)
                  000267e8    0000003c                : usbhscsi.obj (.text:USBHSCSIRequestSense)
                  00026824    0000003c     driverlib.lib : eeprom.obj (.text:_EEPROMSectorMaskSet)
                  00026860    0000003c     usblib.lib : usbdma.obj (.text:iDMAUSBChannelRelease)
                  0002689c    0000003a     driverlib.lib : can.obj (.text:CANInit)
                  000268d6    0000003a                   : emac.obj (.text:EMACIntEnable)
                  00026910    0000003a     usblib.lib : usbdcdesc.obj (.text:USBDCDConfigGetInterfaceEndpoint)
                  0002694a    0000003a     driverlib.lib : usb.obj (.text:USBFIFOConfigSet)
                  00026984    00000038                   : emac.obj (.text:EMACConfigGet)
                  000269bc    00000038     usblib.lib : usbtick.obj (.text:InternalUSBRegisterTickHandler)
                  000269f4    00000038                : usbdcdc.obj (.text:SendBreak)
                  00026a2c    00000038     driverlib.lib : sysctl.obj (.text:SysCtlPeripheralReady)
                  00026a64    00000038     usblib.lib : usbhostenum.obj (.text:USBHCDReset)
                  00026a9c    00000038                : usbhscsi.obj (.text:USBHSCSITestUnitReady)
                  00026ad4    00000038     driverlib.lib : usb.obj (.text:USBIntStatusControl)
                  00026b0c    00000038     usblib.lib : usbringbuf.obj (.text:USBRingBufAdvanceWrite)
                  00026b44    00000036                : usbhhub.obj (.text:HubClearPortFeature)
                  00026b7a    00000036                : usbhhub.obj (.text:HubSetPortFeature)
                  00026bb0    00000034     driverlib.lib : eeprom.obj (.text:EEPROMRead)
                  00026be4    00000034                   : emac.obj (.text:EMACConfigSet)
                  00026c18    00000034                   : emac.obj (.text:EMACIntClear)
                  00026c4c    00000034     usblib.lib : usbtick.obj (.text:InternalUSBStartOfFrameTick)
                  00026c80    00000034     driverlib.lib : sysctl.obj (.text:SysCtlPeripheralEnable)
                  00026cb4    00000034     usblib.lib : usbhostenum.obj (.text:USBHCDSetConfig)
                  00026ce8    00000034                : usbmode.obj (.text:USBOTGRemovePower)
                  00026d1c    00000034     driverlib.lib : eeprom.obj (.text:_EEPROMSectorMaskClear)
                  00026d50    00000034     usblib.lib : usbdma.obj (.text:iDMAUSBChannelStatus)
                  00026d84    00000032                : usbdcdc.obj (.text:HandleConfigChange)
                  00026db6    00000032                : usbdcdesc.obj (.text:NextConfigDescGet)
                  00026de8    00000032                : usbdcdc.obj (.text:ProcessNotificationToHost)
                  00026e1a    00000032     driverlib.lib : usb.obj (.text:USBDevEndpointStall)
                  00026e4c    00000032     usblib.lib : usbdma.obj (.text:iDMAUSBChannelDisable)
                  00026e7e    00000030                : usbdma.obj (.text:DMAUSBIntHandler)
                  00026eae    00000002     --HOLE-- [fill = 0]
                  00026eb0    00000030     driverlib.lib : flash.obj (.text:FlashErase)
                  00026ee0    00000030     usblib.lib : usbtick.obj (.text:InternalUSBTickInit)
                  00026f10    00000030                : usbdenum.obj (.text:USBDGetConfiguration)
                  00026f40    00000030     driverlib.lib : usb.obj (.text:USBEndpointDataPut)
                  00026f70    00000030     usblib.lib : usbhmsc.obj (.text:USBHMSCClose)
                  00026fa0    00000030                : usbringbuf.obj (.text:UpdateIndexAtomic)
                  00026fd0    00000030     rtsv7M4_T_le_v4SPD16_eabi.lib : strncpy.obj (.text)
                  00027000    0000002e     usblib.lib : usbbuffer.obj (.text:USBBufferWrite)
                  0002702e    0000002e                : usbdcdc.obj (.text:USBDCDCRxPacketAvailable)
                  0002705c    0000002e     driverlib.lib : usb.obj (.text:USBEndpointDataSend)
                  0002708a    0000002e                   : usb.obj (.text:USBHostHubAddrSet)
                  000270b8    0000002e     rtsv7M4_T_le_v4SPD16_eabi.lib : i_tofd_t2.obj (.text)
                  000270e6    00000002     --HOLE-- [fill = 0]
                  000270e8    0000002c     usblib.lib : usbhostenum.obj (.text:ConfigDescFree)
                  00027114    0000002c     driverlib.lib : emac.obj (.text:EMACIntStatus)
                  00027140    0000002c     usblib.lib : usbhostenum.obj (.text:FIFOFree)
                  0002716c    0000002c                : usbhostenum.obj (.text:InternalUSBHCDSendEvent)
                  00027198    0000002c                : usbdesc.obj (.text:USBDescGet)
                  000271c4    0000002c                : usbdesc.obj (.text:USBDescGetAlternateInterface)
                  000271f0    0000002c                : usbdma.obj (.text:uDMAUSBIntStatus)
                  0002721c    0000002a     driverlib.lib : gpio.obj (.text:GPIODirModeSet)
                  00027246    0000002a     usblib.lib : usbbuffer.obj (.text:HandleRequestBuffer)
                  00027270    0000002a                : usbdcdesc.obj (.text:USBDCDConfigDescGetNum)
                  0002729a    0000002a     driverlib.lib : can.obj (.text:_CANDataRegRead)
                  000272c4    00000028     usblib.lib : usbbuffer.obj (.text:USBBufferRead)
                  000272ec    00000028                : usbdenum.obj (.text:USBDSetAddress)
                  00027314    00000028                : usbdesc.obj (.text:USBDescGetNum)
                  0002733c    00000028     driverlib.lib : usb.obj (.text:USBHostEndpointStatusClear)
                  00027364    00000028                   : usb.obj (.text:USBIntEnableControl)
                  0002738c    00000028                   : udma.obj (.text:uDMAChannelModeGet)
                  000273b4    00000026                   : emac.obj (.text:EMACPHYRead)
                  000273da    00000026                   : emac.obj (.text:EMACPHYWrite)
                  00027400    00000026                   : usb.obj (.text:USBEndpointDataToggleClear)
                  00027426    00000026                   : usb.obj (.text:USBHostSpeedGet)
                  0002744c    00000024     usblib.lib : usbdcdc.obj (.text:SendLineStateChange)
                  00027470    00000024     driverlib.lib : usb.obj (.text:USBDevEndpointDataAck)
                  00027494    00000024                   : usb.obj (.text:USBEndpointDMADisable)
                  000274b8    00000024                   : usb.obj (.text:USBEndpointDMAEnable)
                  000274dc    00000024                   : can.obj (.text:_CANDataRegWrite)
                  00027500    00000024                   : udma.obj (.text:uDMAChannelControlSet)
                  00027524    00000022     usblib.lib : usbdcdc.obj (.text:HandleDisconnect)
                  00027546    00000022                : usbdcdc.obj (.text:SendLineCodingChange)
                  00027568    00000022     rtsv7M4_T_le_v4SPD16_eabi.lib : memcmp.obj (.text)
                  0002758a    00000022     usblib.lib : usbdma.obj (.text:uDMAUSBChannelStatus)
                  000275ac    00000020                : usbdconfig.obj (.text:GetEndpointFIFOSize)
                  000275cc    00000020                : usbbuffer.obj (.text:HandleDataRemaining)
                  000275ec    00000020                : usbhhub.obj (.text:HubDriverDeviceConnect)
                  0002760c    00000020                : usbhhub.obj (.text:HubDriverDeviceReset)
                  0002762c    00000020     driverlib.lib : usb.obj (.text:USBHostEndpointDataAck)
                  0002764c    00000020     usblib.lib : usbringbuf.obj (.text:USBRingBufAdvanceRead)
                  0002766c    00000020                : usbmode.obj (.text:USBStackModeSet)
                  0002768c    00000020     rtsv7M4_T_le_v4SPD16_eabi.lib : memchr.obj (.text)
                  000276ac    0000001e     usblib.lib : usbdcdc.obj (.text:CheckAndSendBreak)
                  000276ca    0000001e     driverlib.lib : emac.obj (.text:EMACAddrGet)
                  000276e8    0000001e     usblib.lib : usbdesc.obj (.text:USBDescGetInterface)
                  00027706    0000001e     driverlib.lib : usb.obj (.text:USBULPIRegRead)
                  00027724    0000001e                   : usb.obj (.text:USBULPIRegWrite)
                  00027742    00000002     --HOLE-- [fill = 0]
                  00027744    0000001c     usblib.lib : usbmode.obj (.text:OTGDeviceDisconnect)
                  00027760    0000001c     driverlib.lib : uart.obj (.text:UARTDisable)
                  0002777c    0000001c     usblib.lib : usbdcdesc.obj (.text:USBDCDConfigGetInterface)
                  00027798    0000001c                : usbdenum.obj (.text:USBDCDStallEP0)
                  000277b4    0000001c     driverlib.lib : usb.obj (.text:USBEndpointDataAvail)
                  000277d0    0000001c                   : usb.obj (.text:USBHostPwrConfig)
                  000277ec    0000001c     usblib.lib : usbringbuf.obj (.text:USBRingBufContigFree)
                  00027808    0000001c     driverlib.lib : sysctl.obj (.text:_SysCtlMemTimingGet)
                  00027824    0000001c     rtsv7M4_T_le_v4SPD16_eabi.lib : memccpy.obj (.text)
                  00027840    0000001a     usblib.lib : usbdcdc.obj (.text:DeviceConsumedAllData)
                  0002785a    0000001a     driverlib.lib : usb.obj (.text:USBEndpointDMAChannel)
                  00027874    0000001a                   : usb.obj (.text:USBOTGSessionRequest)
                  0002788e    0000001a     usblib.lib : usbringbuf.obj (.text:USBRingBufRead)
                  000278a8    0000001a                : usbringbuf.obj (.text:USBRingBufWrite)
                  000278c2    00000018     driverlib.lib : gpio.obj (.text:GPIOPinTypeGPIOOutput)
                  000278da    00000018     usblib.lib : usbdcdc.obj (.text:SetDeferredOpFlag)
                  000278f2    00000018                : usbbuffer.obj (.text:USBBufferInit)
                  0002790a    00000018                : usbdcdesc.obj (.text:USBDCDConfigDescGetSize)
                  00027922    00000002     --HOLE-- [fill = 0]
                  00027924    00000018                : usbdenum.obj (.text:USBDSetDescriptor)
                  0002793c    00000018                : usbdenum.obj (.text:USBDSyncFrame)
                  00027954    00000018                : usbhhub.obj (.text:USBHHubEnumerationComplete)
                  0002796c    00000018                : usbhhub.obj (.text:USBHHubEnumerationError)
                  00027984    00000018     driverlib.lib : usb.obj (.text:USBHostRequestINClear)
                  0002799c    00000018     rtsv7M4_T_le_v4SPD16_eabi.lib : args_main.obj (.text)
                  000279b4    00000018                                   : strcmp.obj (.text)
                  000279cc    00000018     driverlib.lib : udma.obj (.text:uDMAChannelDisable)
                  000279e4    00000018                   : udma.obj (.text:uDMAChannelEnable)
                  000279fc    00000016     usblib.lib : usbdcdc.obj (.text:CheckAndSendLineCodingChange)
                  00027a12    00000016                : usbdcdc.obj (.text:CheckAndSendLineStateChange)
                  00027a28    00000016     driverlib.lib : emac.obj (.text:EMACReset)
                  00027a3e    00000016                   : emac.obj (.text:EMACRxEnable)
                  00027a54    00000016                   : emac.obj (.text:EMACTxEnable)
                  00027a6a    00000016     usblib.lib : usbdesc.obj (.text:USBDescGetInterfaceEndpoint)
                  00027a80    00000016     driverlib.lib : usb.obj (.text:USBHostAddrSet)
                  00027a96    00000016     usblib.lib : usbringbuf.obj (.text:USBRingBufFlush)
                  00027aac    00000016                : usbringbuf.obj (.text:USBRingBufReadOne)
                  00027ac2    00000016                : usbringbuf.obj (.text:USBRingBufUsed)
                  00027ad8    00000016     rtsv7M4_T_le_v4SPD16_eabi.lib : strchr.obj (.text)
                  00027aee    00000002     --HOLE-- [fill = 0]
                  00027af0    00000014     driverlib.lib : eeprom.obj (.text:EEPROMSizeGet)
                  00027b04    00000014     usblib.lib : usbbuffer.obj (.text:HandleTxComplete)
                  00027b18    00000014     driverlib.lib : sysctl.obj (.text:SysCtlUSBPLLEnable)
                  00027b2c    00000014                   : systick.obj (.text:SysTickEnable)
                  00027b40    00000014                   : systick.obj (.text:SysTickIntEnable)
                  00027b54    00000014                   : uart.obj (.text:UARTEnable)
                  00027b68    00000014     usblib.lib : usbdenum.obj (.text:USBDCDRequestDataEP0)
                  00027b7c    00000014                : usbdenum.obj (.text:USBDCDSendDataEP0)
                  00027b90    00000014     driverlib.lib : usb.obj (.text:USBDMAChannelConfigSet)
                  00027ba4    00000014     usblib.lib : usbhmsc.obj (.text:USBHMSCDriveOpen)
                  00027bb8    00000014     driverlib.lib : usb.obj (.text:USBHostReset)
                  00027bcc    00000014                   : usb.obj (.text:USBHostResume)
                  00027be0    00000014     usblib.lib : usbhhub.obj (.text:USBHubPortSpeedSet)
                  00027bf4    00000014     driverlib.lib : usb.obj (.text:USBIntEnableEndpoint)
                  00027c08    00000014                   : usb.obj (.text:_USBIndexWrite)
                  00027c1c    00000014     rtsv7M4_T_le_v4SPD16_eabi.lib : _lock.obj (.text)
                  00027c30    00000014                                   : s_copysign.obj (.text)
                  00027c44    00000014                                   : strcpy.obj (.text)
                  00027c58    00000014                                   : strlen.obj (.text)
                  00027c6c    00000012     driverlib.lib : gpio.obj (.text:GPIOPinTypeCAN)
                  00027c7e    00000012                   : gpio.obj (.text:GPIOPinTypeEthernetLED)
                  00027c90    00000012                   : gpio.obj (.text:GPIOPinTypeGPIOInput)
                  00027ca2    00000012                   : gpio.obj (.text:GPIOPinTypeUART)
                  00027cb4    00000012     usblib.lib : usbdcdc.obj (.text:HandleResume)
                  00027cc6    00000012                : usbdcdc.obj (.text:HandleSuspend)
                  00027cd8    00000012                : usbhostenum.obj (.text:SendUnknownConnect)
                  00027cea    00000012                : usbbuffer.obj (.text:USBBufferInfoGet)
                  00027cfc    00000012     driverlib.lib : usb.obj (.text:USBDMAChannelDisable)
                  00027d0e    00000012                   : usb.obj (.text:USBDMAChannelEnable)
                  00027d20    00000012                   : usb.obj (.text:USBDMAChannelIntDisable)
                  00027d32    00000012                   : usb.obj (.text:USBDMAChannelIntEnable)
                  00027d44    00000012                   : usb.obj (.text:USBHostLPMConfig)
                  00027d56    00000012                   : usb.obj (.text:USBHostRequestIN)
                  00027d68    00000012     usblib.lib : usbringbuf.obj (.text:USBRingBufFree)
                  00027d7a    00000002     --HOLE-- [fill = 0]
                  00027d7c    00000010     driverlib.lib : emac.obj (.text:EMACFrameFilterSet)
                  00027d8c    00000010                   : interrupt.obj (.text:IntMasterDisable)
                  00027d9c    00000010                   : interrupt.obj (.text:IntMasterEnable)
                  00027dac    00000010                   : systick.obj (.text:SysTickPeriodGet)
                  00027dbc    00000010                   : systick.obj (.text:SysTickPeriodSet)
                  00027dcc    00000010                   : usb.obj (.text:USBEndpointStatus)
                  00027ddc    00000010     usblib.lib : usbhostenum.obj (.text:USBHCDPowerAutomatic)
                  00027dec    00000010                : usbhostenum.obj (.text:USBHCDRegisterDrivers)
                  00027dfc    00000010                : usbringbuf.obj (.text:USBRingBufContigUsed)
                  00027e0c    00000010                : usbringbuf.obj (.text:USBRingBufWriteOne)
                  00027e1c    00000010     driverlib.lib : eeprom.obj (.text:_EEPROMWaitForDone)
                  00027e2c    0000000e     usblib.lib : usbdma.obj (.text:DMAUSBIntStatusClear)
                  00027e3a    0000000e     driverlib.lib : uart.obj (.text:UARTCharGetNonBlocking)
                  00027e48    0000000e     usblib.lib : usbdcdc.obj (.text:USBDCDCTxPacketAvailable)
                  00027e56    0000000e     driverlib.lib : usb.obj (.text:USBDMAChannelStatus)
                  00027e64    0000000e                   : usb.obj (.text:USBDevLPMDisable)
                  00027e72    0000000e                   : usb.obj (.text:USBDevLPMEnable)
                  00027e80    0000000e                   : usb.obj (.text:USBHostPwrDisable)
                  00027e8e    0000000e                   : usb.obj (.text:USBHostPwrEnable)
                  00027e9c    0000000e                   : usb.obj (.text:USBULPIDisable)
                  00027eaa    0000000e                   : usb.obj (.text:USBULPIEnable)
                  00027eb8    0000000e     rtsv7M4_T_le_v4SPD16_eabi.lib : copy_decompress_none.obj (.text:decompress:none)
                  00027ec6    0000000c     driverlib.lib : cpu.obj (.text:CPUcpsid)
                  00027ed2    0000000c                   : cpu.obj (.text:CPUcpsie)
                  00027ede    00000002     --HOLE-- [fill = 0]
                  00027ee0    0000000c                   : systick.obj (.text:SysTickValueGet)
                  00027eec    0000000c                   : uart.obj (.text:UARTCharsAvail)
                  00027ef8    0000000c                   : usb.obj (.text:USBEndpointPacketCountSet)
                  00027f04    0000000c     usblib.lib : usbhostenum.obj (.text:USBHCDHubDeviceDisconnected)
                  00027f10    0000000c                : usbhostenum.obj (.text:USBHCDPowerConfigGet)
                  00027f1c    0000000c                : usbhostenum.obj (.text:USBHCDPowerConfigInit)
                  00027f28    0000000c     driverlib.lib : usb.obj (.text:USBLPMIntEnable)
                  00027f34    0000000c     usblib.lib : usbringbuf.obj (.text:USBRingBufInit)
                  00027f40    0000000c     tm4c1294kcpdt_startup_ccs.obj (.text)
                  00027f4c    0000000a     driverlib.lib : can.obj (.text:CANEnable)
                  00027f56    0000000a                   : uart.obj (.text:UARTCharPut)
                  00027f60    0000000a                   : usb.obj (.text:USBClockEnable)
                  00027f6a    0000000a                   : usb.obj (.text:USBControllerVersion)
                  00027f74    0000000a                   : usb.obj (.text:USBDMAChannelAddressSet)
                  00027f7e    0000000a                   : usb.obj (.text:USBDMAChannelCountSet)
                  00027f88    0000000a                   : usb.obj (.text:USBDevConnect)
                  00027f92    0000000a                   : usb.obj (.text:USBDevDisconnect)
                  00027f9c    0000000a                   : usb.obj (.text:USBHostSuspend)
                  00027fa6    0000000a                   : usb.obj (.text:USBIntStatusEndpoint)
                  00027fb0    0000000a     usblib.lib : usbdma.obj (.text:USBLibDMAAddrGet)
                  00027fba    0000000a     driverlib.lib : usb.obj (.text:USBModeGet)
                  00027fc4    0000000a                   : usb.obj (.text:USBNumEndpointsGet)
                  00027fce    00000008                   : emac.obj (.text:EMACTxDMAPollDemand)
                  00027fd6    00000008                   : uart.obj (.text:UARTBusy)
                  00027fde    00000008                   : usb.obj (.text:USBDevMode)
                  00027fe6    00000008                   : usb.obj (.text:USBFIFOAddrGet)
                  00027fee    00000008                   : usb.obj (.text:USBHostMode)
                  00027ff6    00000008                   : usb.obj (.text:USBHostRequestStatus)
                  00027ffe    00000008                   : usb.obj (.text:USBOTGMode)
                  00028006    00000008     usblib.lib : usbdma.obj (.text:iDMAUSBChannelIntDisable)
                  0002800e    00000008                : usbdma.obj (.text:iDMAUSBChannelIntEnable)
                  00028016    00000006     driverlib.lib : emac.obj (.text:EMACRxDMADescriptorListSet)
                  0002801c    00000006                   : emac.obj (.text:EMACTxDMADescriptorListSet)
                  00028022    00000006                   : gpio.obj (.text:GPIOPinRead)
                  00028028    00000006                   : gpio.obj (.text:GPIOPinWrite)
                  0002802e    00000006                   : sysctl.obj (.text:SysCtlDelay)
                  00028034    00000006     usblib.lib : usbbuffer.obj (.text:USBBufferFlush)
                  0002803a    00000006     driverlib.lib : usb.obj (.text:USBDMAChannelIntStatus)
                  00028040    00000006                   : usb.obj (.text:USBDevLPMConfig)
                  00028046    00000006                   : usb.obj (.text:USBLPMIntStatus)
                  0002804c    00000006     rtsv7M4_T_le_v4SPD16_eabi.lib : copy_decompress_rle.obj (.text:decompress:rle24)
                  00028052    00000006     usblib.lib : usbdma.obj (.text:iDMAUSBIntStatus)
                  00028058    00000004                : usbdma.obj (.text:DMAUSBStatus)
                  0002805c    00000004     driverlib.lib : usb.obj (.text:USBDevAddrSet)
                  00028060    00000004     rtsv7M4_T_le_v4SPD16_eabi.lib : pre_init.obj (.text)

.const     0    00028064    00000e48     
                  00028064    00000240     studioprotocol.obj (.const:ProtoMap)
                  000282a4    00000230     Calculations.obj (.const:g_FunctionBlockAttr)
                  000284d4    00000120     database.obj (.const:g_DataAttr)
                  000285f4    00000120     driverlib.lib : sysctl.obj (.const:g_pppui32XTALtoVCO)
                  00028714    00000101     rtsv7M4_T_le_v4SPD16_eabi.lib : ctype.obj (.const:.string:_ctypes_)
                  00028815    00000003     --HOLE-- [fill = 0]
                  00028818    00000090     driverlib.lib : gpio.obj (.const:g_pui32GPIOBaseAddrs)
                  000288a8    00000076     lwiplib_1.4.1.obj (.const:.string)
                  0002891e    00000002     --HOLE-- [fill = 0]
                  00028920    00000070     driverlib.lib : interrupt.obj (.const)
                  00028990    00000070     taskiNet.obj (.const:u_aNetCommMap)
                  00028a00    0000006c     driverlib.lib : sysctl.obj (.const:g_pui32Xtals)
                  00028a6c    00000058     uart_dev.obj (.const:m_Baud)
                  00028ac4    00000050     taskiNet.obj (.const:u_aNetCommMap_Add)
                  00028b14    00000038     usblib.lib : usbdcdc.obj (.const)
                  00028b4c    00000036     usb_serial_structs.obj (.const:.string:g_pui8ConfigString)
                  00028b82    00000002     --HOLE-- [fill = 0]
                  00028b84    00000034     usblib.lib : usbdenum.obj (.const:g_psUSBDStdRequests)
                  00028bb8    00000030                : usbdcdc.obj (.const:g_sCDCHandlers)
                  00028be8    00000030     driverlib.lib : sysctl.obj (.const:g_sXTALtoMEMTIM)
                  00028c18    0000002c     usb_serial_structs.obj (.const:.string:g_pui8ControlInterfaceString)
                  00028c44    0000002c     lwiplib_1.4.1.obj (.const:tcp_state_str)
                  00028c70    0000002c     _rs485.obj (.const:u_aRs485Para)
                  00028c9c    00000024     usb_serial_structs.obj (.const:.string:g_pui8ManufacturerString)
                  00028cc0    00000023     usblib.lib : usbdcdc.obj (.const:.string:g_pui8CDCSerCommInterface)
                  00028ce3    00000022     usb_serial_structs.obj (.const:.string:g_pui8ProductString)
                  00028d05    00000001     --HOLE-- [fill = 0]
                  00028d06    00000020     driverlib.lib : can.obj (.const)
                  00028d26    00000002     --HOLE-- [fill = 0]
                  00028d28    00000020     uart_dev.obj (.const:m_DataBit)
                  00028d48    00000018     driverlib.lib : emac.obj (.const)
                  00028d60    00000018     usb_serial_structs.obj (.const:g_pui8StringDescriptors)
                  00028d78    00000018     uart_dev.obj (.const:m_Parity)
                  00028d90    00000017     usblib.lib : usbdcdc.obj (.const:.string)
                  00028da7    00000012     usb_serial_structs.obj (.const:.string:g_pui8SerialNumberString)
                  00028db9    00000003     --HOLE-- [fill = 0]
                  00028dbc    00000010     taskusb.obj (.const:g_sUSBEventDriver)
                  00028dcc    00000010     uart_dev.obj (.const:m_Stopbit)
                  00028ddc    00000010     lwiplib_1.4.1.obj (.const:memp_num)
                  00028dec    00000010     lwiplib_1.4.1.obj (.const:memp_sizes)
                  00028dfc    00000010     lwiplib_1.4.1.obj (.const:tcp_pcb_lists)
                  00028e0c    00000010     usblib.lib : usbhmsc.obj (.const)
                  00028e1c    0000000e     canopen_state.obj (.const:$P$T0$1)
                  00028e2a    0000000e     canopen_state.obj (.const:$P$T1$2)
                  00028e38    0000000e     canopen_state.obj (.const:$P$T2$3)
                  00028e46    0000000e     canopen_state.obj (.const:$P$T3$4)
                  00028e54    0000000d     lwiplib_1.4.1.obj (.const:.string:tcp_backoff)
                  00028e61    00000009     canopen_od.obj (.const:.string:u_byDatatypeSize)
                  00028e6a    00000002     --HOLE-- [fill = 0]
                  00028e6c    00000008     uart_dev.obj (.const:Uart_Type)
                  00028e74    00000008     driverlib.lib : sysctl.obj (.const)
                  00028e7c    00000008     taskusb.obj (.const:g_ppHostClassDrivers)
                  00028e84    00000007     lwiplib_1.4.1.obj (.const:.string:tcp_persist_backoff)
                  00028e8b    00000006     lwiplib_1.4.1.obj (.const:ethbroadcast)
                  00028e91    00000006     lwiplib_1.4.1.obj (.const:ethzero)
                  00028e97    00000004     usb_serial_structs.obj (.const:.string:g_pui8LangDescriptor)
                  00028e9b    00000004     tasklwiptcp.obj (.const:.string:u_aGateWay)
                  00028e9f    00000004     tasklwiptcp.obj (.const:.string:u_aNetMask)
                  00028ea3    00000001     --HOLE-- [fill = 0]
                  00028ea4    00000004     lwiplib_1.4.1.obj (.const:ip_addr_any)
                  00028ea8    00000004     taskusb.obj (.const)

.cinit     0    00028eb0    000003d8     
                  00028eb0    000003aa     (.cinit..data.load) [load image, compression = rle]
                  0002925a    00000006     --HOLE-- [fill = 0]
                  00029260    0000000d     (.cinit..bss.load) [load image, compression = rle]
                  0002926d    00000003     --HOLE-- [fill = 0]
                  00029270    00000008     (__TI_handler_table)
                  00029278    00000010     (__TI_cinit_table)

.init_array 
*          0    00000000    00000000     UNINITIALIZED

.bss       0    20000000    000297cb     UNINITIALIZED
                  20000000    00007354     lwiplib_1.4.1.obj (.bss:memp_memory)
                  20007354    00005014     (.common:ram_heap)
                  2000c368    00004000     (.common:cBuf)
                  20010368    00003700     (.common:u_CanMasterLink)
                  20013a68    000023f0     (.common:g_ALLObjectListData)
                  20015e58    000023f0     (.common:g_DesignTime_ObjectListData)
                  20018248    00001c20     (.common:g_RunTime_ObjectData)
                  20019e68    00001400     taskiNet.obj (.bss:iNetFlashData)
                  2001b268    000012c0     (.common:ModbusODValue_Table)
                  2001c528    000012c0     (.common:ModbusTCPODValue)
                  2001d7e8    000012c0     (.common:ModbusTCPOD_Table_Old)
                  2001eaa8    00000fa0     (.common:g_ALLCommDataList)
                  2001fa48    00000c80     (.common:ModbusODOldValue_Table)
                  200206c8    00000c80     (.common:ModbusOD_Table)
                  20021348    00000c80     (.common:ModbusTCPOD_Table)
                  20021fc8    00000800     task.obj (.bss:u_aTaskList)
                  200227c8    00000708     (.common:ModbusTCPReg_Table)
                  20022ed0    000006cc     usblib.lib : usbhostenum.obj (.bss:g_sUSBHCD)
                  2002359c    00000640     (.common:g_dwRunFBsCnt)
                  20023bdc    000005dc     taskiNet.obj (.bss:u_iNetSendBuf)
                  200241b8    000005dc     (.common:ModbusReg_Table)
                  20024794    00000580     (.common:u_CanSlaveLink)
                  20024d14    000004b0     (.common:ModbusTCPRegValue_Table)
                  200251c4    00000400     taskiNet.obj (.bss:_CRC32_Talbe)
                  200255c4    000003c0     (.common:u_aMasterRxCanBuf)
                  20025984    000003c0     (.common:u_aMasterTxCanBuf)
                  20025d44    000003c0     (.common:u_aSlaveRxCanBuf)
                  20026104    000003c0     (.common:u_aSlaveTxCanBuf)
                  200264c4    00000360     (.common:g_pTxDescriptors)
                  20026824    000002bc     (.common:g_ALLGlobalVariableList)
                  20026ae0    00000258     (.common:SendProBuf)
                  20026d38    0000024c     (.common:u_aDeviceTable)
                  20026f84    0000021c     (.common:u_PeriodTime)
                  200271a0    0000021c     (.common:u_PulseCounter)
                  200273bc    000001f4     (.common:ModbusRegValue_Table)
                  200275b0    00000180     _timer.obj (.bss:u_Routine)
                  20027730    0000012c     (.common:ModbusTCPResBuf)
                  2002785c    0000012c     (.common:g_byRecv_Buffer)
                  20027988    0000012c     (.common:u_HighLevelTime)
                  20027ab4    0000012c     (.common:u_LowLevelTime)
                  20027be0    00000124     app.obj (.bss:g_capp)
                  20027d04    00000120     rtsv7M4_T_le_v4SPD16_eabi.lib : trgmsg.obj (.bss:_CIOBUF_)
                  20027e24    00000120     (.common:g_pRxDescriptors)
                  20027f44    00000110     usblib.lib : usbdma.obj (.bss:g_psUSBDMAInst)
                  20028054    00000100     _timer.obj (.bss:u_ptDnCounter)
                  20028154    00000100     _timer.obj (.bss:u_ptUpCounter)
                  20028254    00000100     (.common:g_RealtimeData)
                  20028354    00000100     (.common:g_pui8USBRxBuffer)
                  20028454    00000100     (.common:g_pui8USBTxBuffer)
                  20028554    000000f0     (.common:u_CanMaster_Od)
                  20028644    000000f0     (.common:u_DownCounter)
                  20028734    000000f0     (.common:u_UpCounter)
                  20028824    000000ea     (.common:lwip_stats)
                  2002890e    00000002     (.common:ModbusTCPRes_Length)
                  20028910    000000c8     lwiplib_1.4.1.obj (.bss:arp_table)
                  200289d8    000000c8     taskiNet.obj (.bss:dwDeviceEntityAID)
                  20028aa0    000000c8     (.common:u_AdCollector)
                  20028b68    000000a0     (.common:TaskDebug)
                  20028c08    000000a0     (.common:__TI_tmpnams)
                  20028ca8    000000a0     (.common:u_SquareWave_Generator)
                  20028d48    0000009c     usblib.lib : usbhhub.obj (.bss:g_sRootHub)
                  20028de4    00000080     (.common:SendBuf)
                  20028e64    00000080     (.common:g_pHCDPool)
                  20028ee4    00000080     (.common:u_acRxRS485Buffer1)
                  20028f64    00000080     (.common:u_acRxRS485Buffer2)
                  20028fe4    00000080     (.common:u_acTxRS485Buffer1)
                  20029064    00000080     (.common:u_acTxRS485Buffer2)
                  200290e4    00000064     (.common:g_AdValue)
                  20029148    00000060     (.common:g_DBData)
                  200291a8    00000058     (.common:g_CanMaster)
                  20029200    00000058     (.common:g_CanSlave)
                  20029258    00000050                : usbdenum.obj (.bss:g_psDCDInst)
                  200292a8    00000048     (.common:u_ahRs485)
                  200292f0    00000043     lwiplib_1.4.1.obj (.bss)
                  20029333    00000040     usblib.lib : usbdenum.obj (.bss:g_pui8DataBufferIn)
                  20029373    00000001     (.common:g_bCanFunctionFlag)
                  20029374    00000040     (.common:TaskData)
                  200293b4    0000003c     (.common:u_DelayTime)
                  200293f0    00000034     (.common:u_sNetif)
                  20029424    00000034     (.common:u_sNetif2)
                  20029458    00000028     (.common:g_tBkptSerialNo)
                  20029480    00000020     lwiplib_1.4.1.obj (.bss:memp_tab)
                  200294a0    00000020     (.common:DbValue)
                  200294c0    00000020     (.common:HCAN1)
                  200294e0    00000020     (.common:HCan0)
                  20029500    0000001a     (.common:iNetMessage)
                  2002951a    0000001a     (.common:u_Input_Data)
                  20029534    00000018     (.common:g_pfnTickHandlers)
                  2002954c    00000018     (.common:g_pi32USBHActiveDriver)
                  20029564    00000018     (.common:g_ppvDriverInstance)
                  2002957c    00000018     (.common:g_pvTickInstance)
                  20029594    00000018     (.common:u_CanSlave_Od)
                  200295ac    00000014     (.common:TaskLwipUdp)
                  200295c0    00000014     (.common:g_sAddRemoteMesg)
                  200295d4    00000014     (.common:g_sRemoteMesg)
                  200295e8    00000012     (.common:sNetConfig_Add)
                  200295fa    00000012     (.common:u_sLocalMesg)
                  2002960c    00000010     lwiplib_1.4.1.obj (.bss:inseg)
                  2002961c    00000010     lwiplib_1.4.1.obj (.bss:str$2)
                  2002962c    00000010     task.obj (.bss:u_aTasksCount)
                  2002963c    00000010     (.common:CanIdParmTab)
                  2002964c    00000010     (.common:CanParm)
                  2002965c    00000010     (.common:g_DesignTime_ObjectParam)
                  2002966c    00000010     (.common:g_htask_Calculations)
                  2002967c    00000010     (.common:g_htask_Calculations_Debug)
                  2002968c    00000010     (.common:g_wNext_FunctionBlockNum)
                  2002969c    00000010     (.common:u_MasterTimerList)
                  200296ac    00000010     (.common:u_SlaveTimerList)
                  200296bc    00000008     rtsv7M4_T_le_v4SPD16_eabi.lib : trgdrv.obj (.bss:parmbuf)
                  200296c4    00000008     taskusb.obj (.bss)
                  200296cc    00000008     (.common:ModbusOffset)
                  200296d4    00000008     (.common:g_RuntimeFlag)
                  200296dc    00000008     (.common:g_byMacAdderBuf)
                  200296e4    00000008     (.common:g_pui32Alloc)
                  200296ec    00000008     (.common:iNetODParaTab)
                  200296f4    00000008     (.common:u_InputValue)
                  200296fc    00000006     (.common:BootloadMark)
                  20029702    00000006     (.common:NodeMsgP)
                  20029708    00000006     (.common:g_ModbusPara)
                  2002970e    00000004     (.common:ModbusTCPOffset_Table)
                  20029712    00000004     (.common:RS485Task)
                  20029716    00000002     (.common:g_hCAN0)
                  20029718    00000004     (.common:current_header)
                  2002971c    00000004     (.common:current_iphdr_dest)
                  20029720    00000004     (.common:current_iphdr_src)
                  20029724    00000004     (.common:current_netif)
                  20029728    00000004     (.common:g_dwBKPTScanCnt)
                  2002972c    00000004     (.common:g_paTaskList)
                  20029730    00000004     (.common:g_pfnUSBModeCallback)
                  20029734    00000004     (.common:g_ppsDevInfo)
                  20029738    00000004     (.common:g_psDevice)
                  2002973c    00000004     (.common:g_ui32AbnormalInts)
                  20029740    00000004     (.common:g_ui32ChangeFlags)
                  20029744    00000004     (.common:g_ui32HubChanges)
                  20029748    00000004     (.common:g_ui32NormalInts)
                  2002974c    00000004     (.common:g_ui32PollRate)
                  20029750    00000004     (.common:g_ui32ULPISupport)
                  20029754    00000004     (.common:g_ui32ULPISupport)
                  20029758    00000004     (.common:netif_default)
                  2002975c    00000004     (.common:netif_list)
                  20029760    00000004     (.common:tcp_active_pcbs)
                  20029764    00000004     (.common:tcp_bound_pcbs)
                  20029768    00000004     (.common:tcp_input_pcb)
                  2002976c    00000004     (.common:tcp_listen_pcbs)
                  20029770    00000004     (.common:tcp_ticks)
                  20029774    00000004     (.common:tcp_tmp_pcb)
                  20029778    00000004     (.common:tcp_tw_pcbs)
                  2002977c    00000004     (.common:u_Tcp_pcb)
                  20029780    00000004     (.common:u_Udp_pcb)
                  20029784    00000004     (.common:u_Udp_pcb_Add)
                  20029788    00000004     (.common:u_aCanSlave_OdPara_TblP1)
                  2002978c    00000004     (.common:u_aCanSlave_OdPara_TblP2)
                  20029790    00000004     (.common:u_aCanSlave_OdValue_TblP1)
                  20029794    00000004     (.common:u_aCanSlave_OdValue_TblP2)
                  20029798    00000004     (.common:u_byLocalIP)
                  2002979c    00000004     (.common:u_dwDBFlag)
                  200297a0    00000004     (.common:udp_pcbs)
                  200297a4    00000004     (.common:ui32DriveTimeout)
                  200297a8    00000003     (.common:iNetModeMeg)
                  200297ab    00000001     (.common:g_cCurrentDebugTask)
                  200297ac    00000002     (.common:g_hCAN1)
                  200297ae    00000002     (.common:g_hEeprom)
                  200297b0    00000002     (.common:g_hInput)
                  200297b2    00000002     (.common:g_hLed)
                  200297b4    00000002     (.common:g_hOutput)
                  200297b6    00000002     (.common:g_htask_ModbusTCP)
                  200297b8    00000002     (.common:g_htask_iNet)
                  200297ba    00000002     (.common:gcrc)
                  200297bc    00000002     (.common:glen)
                  200297be    00000002     (.common:u_AdCount)
                  200297c0    00000002     (.common:u_wPakageSize)
                  200297c2    00000001     (.common:g_cSendStartDebugFBNum)
                  200297c3    00000001     (.common:g_cStepNexttaskFalg)
                  200297c4    00000001     (.common:g_cTaskTotalCount)
                  200297c5    00000001     (.common:g_eOTGModeState)
                  200297c6    00000001     (.common:g_eState)
                  200297c7    00000001     (.common:pbuf_free_ooseq_pending)
                  200297c8    00000001     (.common:tcp_active_pcbs_changed)
                  200297c9    00000001     (.common:u_byPacketStamp_EndFrame)
                  200297ca    00000001     (.common:u_byTotal_RecvPakageNum)

.stack     0    200297cc    00007530     UNINITIALIZED
                  200297cc    00007530     --HOLE--

.sysmem    0    20030d00    00007530     UNINITIALIZED
                  20030d00    00000008     rtsv7M4_T_le_v4SPD16_eabi.lib : memory.obj (.sysmem)
                  20030d08    00007528     --HOLE--

.data      0    20038230    00001f58     UNINITIALIZED
                  20038230    00001400     taskmodbustcp.obj (.data:ModbusTCPFlashData)
                  20039630    00000400     tasklwiptcp.obj (.data:RecvTcpBuf)
                  20039a30    000000f0     rtsv7M4_T_le_v4SPD16_eabi.lib : defs.obj (.data:_ftable)
                  20039b20    000000d0                                   : lowlev.obj (.data:$O1$$)
                  20039bf0    00000060     usb_serial_structs.obj (.data:g_sCDCDevice)
                  20039c50    00000060     _input.obj (.data:u_aInputHwConf)
                  20039cb0    00000048     _output.obj (.data:u_aOutputHwConf)
                  20039cf8    00000040     usblib.lib : usbdcdc.obj (.data)
                  20039d38    00000038     usb_serial_structs.obj (.data:g_sRxBuffer)
                  20039d70    00000038     usb_serial_structs.obj (.data:g_sTxBuffer)
                  20039da8    00000030     _rs485.obj (.data:g_RS485_Engine)
                  20039dd8    0000002c     usblib.lib : usbhostenum.obj (.data)
                  20039e04    00000028     Function_Analog.obj (.data:MaxValue)
                  20039e2c    00000024     _timer.obj (.data)
                  20039e50    00000021     taskiNet.obj (.data:byDeviceInfo$2)
                  20039e71    00000002     _ecan0.obj (.data)
                  20039e73    00000001     --HOLE--
                  20039e74    00000020     taskcanopenmaster.obj (.data)
                  20039e94    00000020     taskmodbustcp.obj (.data)
                  20039eb4    0000001f     studioprotocol.obj (.data)
                  20039ed3    00000001     --HOLE--
                  20039ed4    0000001c     usblib.lib : usbhmsc.obj (.data)
                  20039ef0    0000001a     taskiNet.obj (.data)
                  20039f0a    00000002     _ecan1.obj (.data)
                  20039f0c    00000018     _ecan0.obj (.data:g_CAN0_Engine)
                  20039f24    00000018     _ecan1.obj (.data:g_CAN1_Engine)
                  20039f3c    00000018     _eeprom.obj (.data:g_Eeprom_Engine)
                  20039f54    00000018     _input.obj (.data:g_Input_Engine)
                  20039f6c    00000018     _led.obj (.data:g_Led_Engine)
                  20039f84    00000018     _output.obj (.data:g_Output_Engine)
                  20039f9c    00000018     lwiplib_1.4.1.obj (.data)
                  20039fb4    00000018     _led.obj (.data:u_aLedHwConf)
                  20039fcc    00000014     taskcanopenslave.obj (.data)
                  20039fe0    00000013     taskusb.obj (.data)
                  20039ff3    00000001     --HOLE--
                  20039ff4    00000010     taskrs485.obj (.data:RunRS485Map)
                  2003a004    00000010     lwiplib_1.4.1.obj (.data:g_RxDescList)
                  2003a014    00000010     lwiplib_1.4.1.obj (.data:g_TxDescList)
                  2003a024    00000010     rtsv7M4_T_le_v4SPD16_eabi.lib : defs.obj (.data)
                  2003a034    00000010     taskcanopenmaster.obj (.data:u_aCanMasterLink_Conf)
                  2003a044    00000010     lwiplib_1.4.1.obj (.data:u_sTcp_pcb)
                  2003a054    00000010     lwiplib_1.4.1.obj (.data:u_sUdp_pcb)
                  2003a064    00000010     lwiplib_1.4.1.obj (.data:u_sUdp_pcb_add)
                  2003a074    0000000e     taskrs485.obj (.data:RS485StartPara)
                  2003a082    00000002     device.obj (.data)
                  2003a084    0000000c     rtsv7M4_T_le_v4SPD16_eabi.lib : exit.obj (.data:$O1$$)
                  2003a090    0000000c                                   : memory.obj (.data:$O1$$)
                  2003a09c    0000000c     CanFunctionBlock.obj (.data)
                  2003a0a8    0000000c     lwiplib_1.4.1.obj (.data:g_StellarisIFData)
                  2003a0b4    0000000c     taskiNet.obj (.data:u_ProVerBuf)
                  2003a0c0    0000000c     usblib.lib : usbtick.obj (.data)
                  2003a0cc    0000000a     taskiNet.obj (.data:byDeviceInfo$4)
                  2003a0d6    0000000a     task_Runtime.obj (.data)
                  2003a0e0    0000000a     tasklwiptcp.obj (.data)
                  2003a0ea    00000002     task.obj (.data)
                  2003a0ec    00000009     tasklwipudp.obj (.data)
                  2003a0f5    00000003     --HOLE--
                  2003a0f8    00000009     usblib.lib : usbmode.obj (.data)
                  2003a101    00000003     --HOLE--
                  2003a104    00000008     rtsv7M4_T_le_v4SPD16_eabi.lib : _lock.obj (.data:$O1$$)
                  2003a10c    00000008     taskcanopenslave.obj (.data:CAN_Param_Config)
                  2003a114    00000008     taskcanopenmaster.obj (.data:CanValueStoreM)
                  2003a11c    00000008     taskrs485.obj (.data:Setp)
                  2003a124    00000008     taskiNet.obj (.data:dwDeviceAIDInfo$3)
                  2003a12c    00000008     taskrs485.obj (.data:u_Counter_RS485)
                  2003a134    00000008     _input.obj (.data:u_InputRoutine)
                  2003a13c    00000008     _led.obj (.data:u_LedRoutine)
                  2003a144    00000008     studioprotocol.obj (.data:u_ModbusPort_Line)
                  2003a14c    00000008     app.obj (.data:u_routine)
                  2003a154    00000008     usblib.lib : usbdenum.obj (.data)
                  2003a15c    00000007     _led.obj (.data)
                  2003a163    00000001     --HOLE--
                  2003a164    00000004     _eeprom.obj (.data)
                  2003a168    00000004     _rs485.obj (.data)
                  2003a16c    00000004     taskrs485.obj (.data:g_hRS485)
                  2003a170    00000004     rtsv7M4_T_le_v4SPD16_eabi.lib : errno.obj (.data)
                  2003a174    00000004                                   : fopen.obj (.data)
                  2003a178    00000004                                   : rand.obj (.data)
                  2003a17c    00000004                                   : stkdepth_vars.obj (.data)
                  2003a180    00000004     tasklwiptcp.obj (.data:u_aLocalIP)
                  2003a184    00000004     tasklwiptcp.obj (.data:u_aRemoteIP)

MODULE SUMMARY

       Module                          code     ro data   rw data
       ------                          ----     -------   -------
    .\
       tm4c1294kcpdt_startup_ccs.obj   12       520       0      
    +--+-------------------------------+--------+---------+---------+
       Total:                          12       520       0      
                                                                 
    .\app\
       task_Runtime.obj                1744     0         32188  
       taskmodbustcp.obj               4848     0         21260  
       studioprotocol.obj              20428    576       1265   
       taskrs485.obj                   8160     0         13400  
       taskcanopenmaster.obj           3604     0         16394  
       taskiNet.obj                    7920     192       7952   
       CanFunctionBlock.obj            5360     0         44     
       taskcanopenslave.obj            1772     0         3484   
       Function_Timer.obj              2412     0         1200   
       Function_Counter.obj            1868     0         1020   
       tasklwiptcp.obj                 872      8         1112   
       Function_Analog.obj             1568     0         342    
       Function_LogicFormula.obj       1786     0         0      
       taskusb.obj                     1400     28        164    
       Function_Modbus.obj             1576     0         0      
       Function_ModbusTCP.obj          1416     0         0      
       Function_Miscellaneous.obj      940      0         160    
       Calculations.obj                472      560       41     
       Function_iNet.obj               920      0         0      
       database.obj                    340      288       100    
       tasklwipudp.obj                 472      0         77     
       Function_General.obj            540      0         0      
       comlib.obj                      484      0         0      
       task_IO_Acquisition.obj         284      0         8      
       InitDevice.obj                  160      0         8      
       main.obj                        96       0         0      
    +--+-------------------------------+--------+---------+---------+
       Total:                          71442    1652      100219 
                                                                 
    .\comm_lib\canopen\
       canopen_sdo.obj                 1804     0         0      
       canopen.obj                     1398     0         0      
       canopen_pdo.obj                 1390     0         0      
       canopen_lifegrd.obj             740      0         0      
       canopen_timer.obj               704      0         32     
       canopen_od.obj                  648      9         0      
       canopen_nmt.obj                 482      0         0      
       canopen_state.obj               356      56        0      
       canopen_dev.obj                 312      0         0      
    +--+-------------------------------+--------+---------+---------+
       Total:                          7834     65        32     
                                                                 
    .\comm_lib\lwip-1.4.1\
       lwiplib_1.4.1.obj               37860    246       52031  
    +--+-------------------------------+--------+---------+---------+
       Total:                          37860    246       52031  
                                                                 
    .\comm_lib\uart\
       uart_dev.obj                    456      168       0      
    +--+-------------------------------+--------+---------+---------+
       Total:                          456      168       0      
                                                                 
    .\comm_lib\usb\
       usb_serial_structs.obj          0        214       720    
    +--+-------------------------------+--------+---------+---------+
       Total:                          0        214       720    
                                                                 
    .\tmOS\driver\
       _flash.obj                      624      0         16384  
       _timer.obj                      1508     0         932    
       _rs485.obj                      1448     44        636    
       _ecan0.obj                      1180     0         58     
       _ecan1.obj                      1120     0         58     
       _input.obj                      440      0         154    
       _led.obj                        308      0         63     
       _output.obj                     216      0         96     
       _eeprom.obj                     160      0         28     
    +--+-------------------------------+--------+---------+---------+
       Total:                          7004     44        18409  
                                                                 
    .\tmOS\kernel\
       task.obj                        784      0         2066   
       device.obj                      624      0         590    
       app.obj                         484      0         300    
    +--+-------------------------------+--------+---------+---------+
       Total:                          1892     0         2956   
                                                                 
    C:/Users/Administrator/Desktop/tmIoT Runtime_M4_v2.1.011/tm.em.tmOS_M4/M4_lib/driverlib/driverlib.lib
       usb.obj                         2026     0         0      
       sysctl.obj                      830      452       0      
       can.obj                         908      32        0      
       emac.obj                        678      24        0      
       gpio.obj                        526      144       0      
       eeprom.obj                      460      0         0      
       interrupt.obj                   340      112       0      
       udma.obj                        328      0         0      
       uart.obj                        158      0         0      
       flash.obj                       148      0         0      
       systick.obj                     84       0         0      
       cpu.obj                         24       0         0      
    +--+-------------------------------+--------+---------+---------+
       Total:                          6510     764       0      
                                                                 
    C:/Users/Administrator/Desktop/tmIoT Runtime_M4_v2.1.011/tm.em.tmOS_M4/M4_lib/usblib/usblib.lib
       usbhostenum.obj                 6034     0         1844   
       usbdenum.obj                    2992     52        160    
       usbdma.obj                      2018     0         272    
       usbdcdc.obj                     1996     162       64     
       usbhhub.obj                     902      0         164    
       usbmode.obj                     716      0         18     
       usbbuffer.obj                   660      0         0      
       usbhmsc.obj                     548      16        28     
       usbdconfig.obj                  568      0         0      
       usbhscsi.obj                    376      0         0      
       usbdcdesc.obj                   358      0         0      
       usbringbuf.obj                  344      0         0      
       usbtick.obj                     156      0         60     
       usbdesc.obj                     180      0         0      
       usbulpi.obj                     82       0         0      
    +--+-------------------------------+--------+---------+---------+
       Total:                          17930    230       2610   
                                                                 
    C:\ti\ccsv6\tools\compiler\arm_15.12.3.LTS\lib\rtsv7M4_T_le_v4SPD16_eabi.lib
       _printfi.obj                    4368     0         0      
       memory.obj                      988      0         12     
       lowlev.obj                      780      0         208    
       trgdrv.obj                      804      0         8      
       ull_div_t2.obj                  500      0         0      
       fopen.obj                       452      0         4      
       fd_add_t2.obj                   438      0         0      
       defs.obj                        0        0         416    
       trgmsg.obj                      104      0         288    
       fd_div_t2.obj                   310      0         0      
       fputs.obj                       308      0         0      
       fd_cmp_t2.obj                   268      0         0      
       ctype.obj                       0        257       0      
       fd_mul_t2.obj                   252      0         0      
       s_scalbn.obj                    252      0         0      
       setvbuf.obj                     220      0         0      
       fflush.obj                      200      0         0      
       _io_perm.obj                    172      0         0      
       memcpy_t2.obj                   156      0         0      
       fclose.obj                      152      0         0      
       fputc.obj                       152      0         0      
       memset_t2.obj                   122      0         0      
       autoinit.obj                    112      0         0      
       copy_decompress_rle.obj         112      0         0      
       printf.obj                      112      0         0      
       fseek.obj                       100      0         0      
       s_frexp.obj                     100      0         0      
       exit.obj                        84       0         12     
       ltoa.obj                        86       0         0      
       boot.obj                        84       0         0      
       rand.obj                        76       0         4      
       atoi.obj                        76       0         0      
       cpy_tbl.obj                     76       0         0      
       fd_toi_t2.obj                   72       0         0      
       strncpy.obj                     48       0         0      
       i_tofd_t2.obj                   46       0         0      
       memcmp.obj                      34       0         0      
       memchr.obj                      32       0         0      
       _lock.obj                       20       0         8      
       memccpy.obj                     28       0         0      
       args_main.obj                   24       0         0      
       strcmp.obj                      24       0         0      
       strchr.obj                      22       0         0      
       s_copysign.obj                  20       0         0      
       strcpy.obj                      20       0         0      
       strlen.obj                      20       0         0      
       copy_decompress_none.obj        14       0         0      
       errno.obj                       0        0         4      
       pre_init.obj                    4        0         0      
       stkdepth_vars.obj               0        0         4      
       mpu_init.obj                    2        0         0      
       startup.obj                     2        0         0      
    +--+-------------------------------+--------+---------+---------+
       Total:                          12448    257       968    
                                                                 
       Heap:                           0        0         30000  
       Stack:                          0        0         30000  
       Linker Generated:               0        975       0      
    +--+-------------------------------+--------+---------+---------+
       Grand Total:                    163388   5135      237945 


LINKER GENERATED COPY TABLES

__TI_cinit_table @ 00029278 records: 2, size/record: 8, table size: 16
	.data: load addr=00028eb0, load size=000003aa bytes, run addr=20038230, run size=00001f58 bytes, compression=rle
	.bss: load addr=00029260, load size=0000000d bytes, run addr=20000000, run size=000297cb bytes, compression=rle


LINKER GENERATED HANDLER TABLE

__TI_handler_table @ 00029270 records: 2, size/record: 4, table size: 8
	index: 0, handler: __TI_decompress_rle24
	index: 1, handler: __TI_decompress_none


GLOBAL SYMBOLS: SORTED ALPHABETICALLY BY Name 

address   name                                        
-------   ----                                        
[...]
00027fcf  EMACTxDMAPollDemand                         
00027fd7  UARTBusy                                    
00027fdf  USBDevMode                                  
00027fe7  USBFIFOAddrGet                              
00027fef  USBHostMode                                 
00027ff7  USBHostRequestStatus                        
00027fff  USBOTGMode                                  
00028017  EMACRxDMADescriptorListSet                  
0002801d  EMACTxDMADescriptorListSet                  
00028023  GPIOPinRead                                 
00028029  GPIOPinWrite                                
0002802f  SysCtlDelay                                 
00028035  USBBufferFlush                              
0002803b  USBDMAChannelIntStatus                      
00028041  USBDevLPMConfig                             
00028047  USBLPMIntStatus                             
0002804d  __TI_decompress_rle24                       
0002805d  USBDevAddrSet                               
00028061  _system_pre_init                            
00028064  ProtoMap                                    
000282a4  g_FunctionBlockAttr                         
000284d4  g_DataAttr                                  
00028714  _ctypes_                                    
00028990  u_aNetCommMap                               
00028a6c  m_Baud                                      
00028ac4  u_aNetCommMap_Add                           
00028b14  g_sCDCSerConfigSection                      
00028b1c  g_sIADSerConfigSection                      
00028b24  g_sCDCSerCommInterfaceSection               
00028b2c  g_sCDCSerDataInterfaceSection               
00028b34  g_sCDCSerConfigHeader                       
00028b3c  g_sCDCCompSerConfigHeader                   
00028b44  g_ppCDCSerConfigDescriptors                 
00028b48  g_pCDCCompSerConfigDescriptors              
00028b4c  g_pui8ConfigString                          
00028bb8  g_sCDCHandlers                              
00028c18  g_pui8ControlInterfaceString                
00028c44  tcp_state_str                               
00028c70  u_aRs485Para                                
00028c9c  g_pui8ManufacturerString                    
00028cc0  g_pui8CDCSerCommInterface                   
00028ce3  g_pui8ProductString                         
00028d28  m_DataBit                                   
00028d60  g_pui8StringDescriptors                     
00028d78  m_Parity                                    
00028d90  g_pui8CDCSerDataInterface                   
00028da7  g_pui8SerialNumberString                    
00028dbc  g_sUSBEventDriver                           
00028dcc  m_Stopbit                                   
00028dfc  tcp_pcb_lists                               
00028e0c  g_sUSBHostMSCClassDriver                    
00028e54  tcp_backoff                                 
00028e61  u_byDatatypeSize                            
00028e6c  Uart_Type                                   
00028e84  tcp_persist_backoff                         
00028e8b  ethbroadcast                                
00028e91  ethzero                                     
00028e97  g_pui8LangDescriptor                        
00028e9b  u_aGateWay                                  
00028e9f  u_aNetMask                                  
00028ea4  ip_addr_any                                 
00029270  __TI_Handler_Table_Base                     
00029278  __TI_CINIT_Base                             
00029278  __TI_Handler_Table_Limit                    
00029288  __TI_CINIT_Limit                            
20007354  ram_heap                                    
2000c368  cBuf                                        
20010368  u_CanMasterLink                             
20013a68  g_ALLObjectListData                         
20015e58  g_DesignTime_ObjectListData                 
20018248  g_RunTime_ObjectData                        
2001b268  ModbusODValue_Table                         
2001c528  ModbusTCPODValue                            
2001d7e8  ModbusTCPOD_Table_Old                       
2001eaa8  g_ALLCommDataList                           
2001fa48  ModbusODOldValue_Table                      
200206c8  ModbusOD_Table                              
20021348  ModbusTCPOD_Table                           
200227c8  ModbusTCPReg_Table                          
2002359c  g_dwRunFBsCnt                               
200241b8  ModbusReg_Table                             
20024794  u_CanSlaveLink                              
20024d14  ModbusTCPRegValue_Table                     
200255c4  u_aMasterRxCanBuf                           
20025984  u_aMasterTxCanBuf                           
20025d44  u_aSlaveRxCanBuf                            
20026104  u_aSlaveTxCanBuf                            
200264c4  g_pTxDescriptors                            
20026824  g_ALLGlobalVariableList                     
20026ae0  SendProBuf                                  
20026d38  u_aDeviceTable                              
20026f84  u_PeriodTime                                
200271a0  u_PulseCounter                              
200273bc  ModbusRegValue_Table                        
20027730  ModbusTCPResBuf                             
2002785c  g_byRecv_Buffer                             
20027988  u_HighLevelTime                             
20027ab4  u_LowLevelTime                              
20027d04  __CIOBUF_                                   
20027e24  g_pRxDescriptors                            
20028254  g_RealtimeData                              
20028354  g_pui8USBRxBuffer                           
20028454  g_pui8USBTxBuffer                           
20028554  u_CanMaster_Od                              
20028644  u_DownCounter                               
20028734  u_UpCounter                                 
20028824  lwip_stats                                  
2002890e  ModbusTCPRes_Length                         
20028aa0  u_AdCollector                               
20028b68  TaskDebug                                   
20028c08  __TI_tmpnams                                
20028ca8  u_SquareWave_Generator                      
20028de4  SendBuf                                     
20028e64  g_pHCDPool                                  
20028ee4  u_acRxRS485Buffer1                          
20028f64  u_acRxRS485Buffer2                          
20028fe4  u_acTxRS485Buffer1                          
20029064  u_acTxRS485Buffer2                          
200290e4  g_AdValue                                   
20029148  g_DBData                                    
200291a8  g_CanMaster                                 
20029200  g_CanSlave                                  
20029258  g_psDCDInst                                 
200292a8  u_ahRs485                                   
20029373  g_bCanFunctionFlag                          
20029374  TaskData                                    
200293b4  u_DelayTime                                 
200293f0  u_sNetif                                    
20029424  u_sNetif2                                   
20029458  g_tBkptSerialNo                             
200294a0  DbValue                                     
200294c0  HCAN1                                       
200294e0  HCan0                                       
20029500  iNetMessage                                 
2002951a  u_Input_Data                                
20029534  g_pfnTickHandlers                           
2002957c  g_pvTickInstance                            
20029594  u_CanSlave_Od                               
200295ac  TaskLwipUdp                                 
200295c0  g_sAddRemoteMesg                            
200295d4  g_sRemoteMesg                               
200295e8  sNetConfig_Add                              
200295fa  u_sLocalMesg                                
2002963c  CanIdParmTab                                
2002964c  CanParm                                     
2002965c  g_DesignTime_ObjectParam                    
2002966c  g_htask_Calculations                        
2002967c  g_htask_Calculations_Debug                  
2002968c  g_wNext_FunctionBlockNum                    
2002969c  u_MasterTimerList                           
200296ac  u_SlaveTimerList                            
200296cc  ModbusOffset                                
200296d4  g_RuntimeFlag                               
200296dc  g_byMacAdderBuf                             
200296ec  iNetODParaTab                               
200296f4  u_InputValue                                
200296fc  BootloadMark                                
20029702  NodeMsgP                                    
20029708  g_ModbusPara                                
2002970e  ModbusTCPOffset_Table                       
20029712  RS485Task                                   
20029716  g_hCAN0                                     
20029718  current_header                              
2002971c  current_iphdr_dest                          
20029720  current_iphdr_src                           
20029724  current_netif                               
20029728  g_dwBKPTScanCnt                             
2002972c  g_paTaskList                                
20029734  g_ppsDevInfo                                
20029738  g_psDevice                                  
2002973c  g_ui32AbnormalInts                          
20029748  g_ui32NormalInts                            
2002974c  g_ui32PollRate                              
20029758  netif_default                               
2002975c  netif_list                                  
20029760  tcp_active_pcbs                             
20029764  tcp_bound_pcbs                              
20029768  tcp_input_pcb                               
2002976c  tcp_listen_pcbs                             
20029770  tcp_ticks                                   
20029774  tcp_tmp_pcb                                 
20029778  tcp_tw_pcbs                                 
2002977c  u_Tcp_pcb                                   
20029780  u_Udp_pcb                                   
20029784  u_Udp_pcb_Add                               
20029788  u_aCanSlave_OdPara_TblP1                    
2002978c  u_aCanSlave_OdPara_TblP2                    
20029790  u_aCanSlave_OdValue_TblP1                   
20029794  u_aCanSlave_OdValue_TblP2                   
20029798  u_byLocalIP                                 
2002979c  u_dwDBFlag                                  
200297a0  udp_pcbs                                    
200297a4  ui32DriveTimeout                            
200297a8  iNetModeMeg                                 
200297ab  g_cCurrentDebugTask                         
200297ac  g_hCAN1                                     
200297ae  g_hEeprom                                   
200297b0  g_hInput                                    
200297b2  g_hLed                                      
200297b4  g_hOutput                                   
200297b6  g_htask_ModbusTCP                           
200297b8  g_htask_iNet                                
200297ba  gcrc                                        
200297bc  glen                                        
200297be  u_AdCount                                   
200297c0  u_wPakageSize                               
200297c2  g_cSendStartDebugFBNum                      
200297c3  g_cStepNexttaskFalg                         
200297c4  g_cTaskTotalCount                           
200297c5  g_eOTGModeState                             
200297c6  g_eState                                    
200297c7  pbuf_free_ooseq_pending                     
200297c8  tcp_active_pcbs_changed                     
200297c9  u_byPacketStamp_EndFrame                    
200297ca  u_byTotal_RecvPakageNum                     
200297cc  __stack                                     
200299cc  __STACK_TOP                                 
20030cfc  __STACK_END                                 
20030d00  _sys_memory                                 
20038230  ModbusTCPFlashData                          
20039630  RecvTcpBuf                                  
20039a30  _ftable                                     
20039bf0  g_sCDCDevice                                
20039c50  u_aInputHwConf                              
20039cb0  u_aOutputHwConf                             
20039cf8  g_pui8CDCSerDeviceDescriptor                
20039d0a  g_pui8CDCSerDescriptor                      
20039d13  g_pui8IADSerDescriptor                      
20039d1c  g_psCDCSerSections                          
20039d28  g_psCDCCompSerSections                      
20039d38  g_sRxBuffer                                 
20039d70  g_sTxBuffer                                 
20039da8  g_RS485_Engine                              
20039e04  MaxValue                                    
20039e2c  g_dwSystemTick                              
20039e30  g_dwSystemClock                             
20039e34  g_dwSystemGet                               
20039e38  g_wRunFlag                                  
20039e3a  g_wStepFlag                                 
20039e3c  g_wStepRunflag                              
20039e4c  u_dwRoutineCounter                          
20039e74  TASK_MASTER                                 
20039e76  HandlePort                                  
20039e78  test_upload                                 
20039e7c  u_aCanMaster_OdPara_TblP1                   
20039e80  u_aCanMaster_OdPara_TblP2                   
20039e84  u_aCanMaster_OdValue_TblP1                  
20039e88  u_aCanMaster_OdValue_TblP2                  
20039e94  M2C_OFFSET                                  
20039e96  M2CDownloadFlag                             
20039e97  Downflag                                    
20039e98  pTotalCount                                 
20039e9a  pTotalMode                                  
20039e9b  ResponseFlag                                
20039e9c  ResponseSendFlag                            
20039ea8  g_ModbusTCPFalg                             
20039ea9  Write_Flag                                  
20039eac  SendTime                                    
20039eb0  ReConnect                                   
20039eb4  u_TaskCanFlag                               
20039eb5  u_bReProPackstamp_HeartBeat                 
20039eb6  g_bReProPackstamp_StartFrame                
20039eb7  u_byPacketStamp                             
20039eb8  u_byOldPacketStamp                          
20039eb9  u_bReProSpecial_Flag                        
20039eba  u_wReProLength                              
20039ebc  u_wComponentCount                           
20039ebe  u_wSerialNo                                 
20039ebf  u_cLength                                   
20039ec0  u_ServerConfig_Flag                         
20039ec1  u_TmIoTConfig_Flag                          
20039ec2  u_ObjDataChange_Flag                        
20039ec3  g_RcvPortflag                               
20039ec4  u_cConnectPort                              
20039ec7  g_OBJDATACHANGE_FLAG_OFFSET                 
20039ec8  g_OBJLISTNUM_OFFSET                         
20039ec9  g_CANFLAG_OFFSET                            
20039eca  g_TASKTOTALNUM_OFFSET                       
20039ecb  g_SERVERCONFIGFLAG_OFFSET                   
20039ecc  g_SERVERIP_OFFSET                           
20039ecd  g_SERVERPORT_OFFSET                         
20039ece  g_TMIOTCONFIGFLAG_OFFSET                    
20039ecf  g_TMIOTIP_OFFSET                            
20039ed0  g_TMIOTMASK_OFFSET                          
20039ed1  g_TMIOTGATEWAY_OFFSET                       
20039ed2  g_byObJlistFlag                             
20039f0c  g_CAN0_Engine                               
20039f24  g_CAN1_Engine                               
20039f3c  g_Eeprom_Engine                             
20039f54  g_Input_Engine                              
20039f6c  g_Led_Engine                                
20039f84  g_Output_Engine                             
20039fa0  watch                                       
20039fa4  u_wLocalPort                                
20039fa8  g_ui32LocalTimer                            
20039fb4  u_aLedHwConf                                
20039fcc  TASK_SLAVE                                  
20039fd0  pParam_Config_CAN                           
20039fd4  u_lCounter_CanLEDIndicator                  
20039fe0  g_iCurrentMode                              
20039fe4  g_dwFlags                                   
20039fe8  g_psMSCInstance                             
20039fec  g_wUSBFlag                                  
20039ff4  RunRS485Map                                 
2003a004  g_RxDescList                                
2003a014  g_TxDescList                                
2003a024  __TI_ft_end                                 
2003a028  __aeabi_stdin                               
2003a02c  __aeabi_stdout                              
2003a030  __aeabi_stderr                              
2003a034  u_aCanMasterLink_Conf                       
2003a044  u_sTcp_pcb                                  
2003a054  u_sUdp_pcb                                  
2003a064  u_sUdp_pcb_add                              
2003a074  RS485StartPara                              
2003a082  u_wDeviceCount                              
2003a084  __TI_cleanup_ptr                            
2003a088  __TI_dtors_ptr                              
2003a08c  __TI_enable_exit_profile_output             
2003a09c  g_InitCommunP1                              
2003a09d  g_InitCommunP2                              
2003a09e  g_PacketStamp                               
2003a09f  g_StoreParmFlag                             
2003a0a0  g_StoreParmFlagAP                           
2003a0a2  mep                                         
2003a0c0  g_bUSBTimerInitialized                      
2003a0c4  g_ui32CurrentUSBTick                        
2003a0c8  g_ui32USBSOFCount                           
2003a0d6  g_cBKPTCnt                                  
2003a0d8  g_wTotal_FunctionBlockNum                   
2003a0da  g_wTotal_CommDataNum                        
2003a0dc  g_wTotal_GlobalVariableNum                  
2003a0de  u_wNow_FunctionBlockNum                     
2003a0e4  g_byiNetTaskFlag                            
2003a0e8  g_UpdateFlag                                
2003a0ec  u_pcb                                       
2003a0f0  u_pcb_add                                   
2003a0f8  g_iUSBMode                                  
2003a0fc  g_ui32WaitTicks                             
2003a104  _lock                                       
2003a108  _unlock                                     
2003a10c  CAN_Param_Config                            
2003a114  CanValueStoreM                              
2003a12c  u_Counter_RS485                             
2003a134  u_InputRoutine                              
2003a13c  u_LedRoutine                                
2003a144  u_ModbusPort_Line                           
2003a15c  u_lCounter_LedBlink                         
2003a160  u_wLedRunCount                              
2003a164  u_dwEeprom_MemorySize                       
2003a16c  g_hRS485                                    
2003a170  errno                                       
2003a17c  main_func_sp                                
2003a180  u_aLocalIP                                  
2003a184  u_aRemoteIP                                 
ffffffff  __TI_pprof_out_hndl                         
ffffffff  __TI_prof_data_size                         
ffffffff  __TI_prof_data_start                        
ffffffff  __binit__                                   
ffffffff  __c_args__                                  
ffffffff  binit                                       
UNDEFED   SHT$$INIT_ARRAY$$Base                       
UNDEFED   SHT$$INIT_ARRAY$$Limit                      

[1243 symbols]
